mode: set
github/teohen/mgm-tto/agent/action_chop_tree.go:21.52,30.2 2 1
github/teohen/mgm-tto/agent/action_chop_tree.go:32.42,34.2 1 1
github/teohen/mgm-tto/agent/action_chop_tree.go:36.84,38.2 1 1
github/teohen/mgm-tto/agent/action_chop_tree.go:40.41,42.2 1 0
github/teohen/mgm-tto/agent/action_chop_tree.go:44.43,46.2 1 0
github/teohen/mgm-tto/agent/action_chop_tree.go:48.47,50.2 1 0
github/teohen/mgm-tto/agent/action_chop_tree.go:52.45,54.2 1 0
github/teohen/mgm-tto/agent/action_move.go:22.84,34.17 3 1
github/teohen/mgm-tto/agent/action_move.go:34.17,37.3 2 0
github/teohen/mgm-tto/agent/action_move.go:37.8,40.3 2 1
github/teohen/mgm-tto/agent/action_move.go:42.2,42.12 1 1
github/teohen/mgm-tto/agent/action_move.go:45.38,47.2 1 1
github/teohen/mgm-tto/agent/action_move.go:49.80,51.2 1 1
github/teohen/mgm-tto/agent/action_move.go:53.37,55.2 1 0
github/teohen/mgm-tto/agent/action_move.go:57.39,59.2 1 1
github/teohen/mgm-tto/agent/action_move.go:61.43,63.2 1 1
github/teohen/mgm-tto/agent/action_move.go:65.41,67.2 1 1
github/teohen/mgm-tto/agent/action_put_into.go:20.72,29.2 2 1
github/teohen/mgm-tto/agent/action_put_into.go:31.41,33.2 1 1
github/teohen/mgm-tto/agent/action_put_into.go:35.83,37.2 1 1
github/teohen/mgm-tto/agent/action_put_into.go:39.40,41.2 1 0
github/teohen/mgm-tto/agent/action_put_into.go:43.42,45.2 1 1
github/teohen/mgm-tto/agent/action_put_into.go:47.46,49.2 1 1
github/teohen/mgm-tto/agent/action_put_into.go:51.44,53.2 1 1
github/teohen/mgm-tto/agent/agent.go:44.86,55.2 2 0
github/teohen/mgm-tto/agent/agent.go:57.34,59.2 1 1
github/teohen/mgm-tto/agent/agent.go:61.39,62.31 1 1
github/teohen/mgm-tto/agent/agent.go:62.31,63.22 1 1
github/teohen/mgm-tto/agent/agent.go:63.22,65.4 1 1
github/teohen/mgm-tto/agent/agent.go:69.39,71.2 1 0
github/teohen/mgm-tto/agent/agent.go:73.65,77.31 3 1
github/teohen/mgm-tto/agent/agent.go:77.31,79.40 2 1
github/teohen/mgm-tto/agent/agent.go:79.40,80.12 1 1
github/teohen/mgm-tto/agent/agent.go:83.3,88.17 6 1
github/teohen/mgm-tto/agent/agent.go:88.17,89.22 1 0
github/teohen/mgm-tto/agent/agent.go:89.22,91.5 1 0
github/teohen/mgm-tto/agent/agent.go:92.4,92.12 1 0
github/teohen/mgm-tto/agent/agent.go:95.3,97.31 3 1
github/teohen/mgm-tto/agent/agent.go:97.31,102.4 4 1
github/teohen/mgm-tto/agent/agent.go:104.3,104.31 1 1
github/teohen/mgm-tto/agent/agent.go:104.31,108.4 3 1
github/teohen/mgm-tto/agent/agent.go:111.2,111.20 1 1
github/teohen/mgm-tto/agent/agent.go:111.20,113.3 1 1
github/teohen/mgm-tto/agent/agent.go:115.2,115.14 1 1
github/teohen/mgm-tto/agent/agent.go:118.36,120.13 2 1
github/teohen/mgm-tto/agent/agent.go:120.13,125.3 4 1
github/teohen/mgm-tto/agent/agent.go:127.2,129.16 3 1
github/teohen/mgm-tto/agent/agent.go:130.22,131.62 1 1
github/teohen/mgm-tto/agent/agent.go:131.62,133.4 1 1
github/teohen/mgm-tto/agent/agent.go:134.26,135.64 1 0
github/teohen/mgm-tto/agent/agent.go:135.64,137.4 1 0
github/teohen/mgm-tto/agent/agent.go:139.25,140.62 1 1
github/teohen/mgm-tto/agent/agent.go:140.62,143.4 2 1
github/teohen/mgm-tto/agent/agent.go:146.2,146.14 1 1
github/teohen/mgm-tto/agent/agent.go:149.36,151.2 1 1
github/teohen/mgm-tto/agent/agent.go:153.55,155.28 2 1
github/teohen/mgm-tto/agent/agent.go:155.28,156.27 1 1
github/teohen/mgm-tto/agent/agent.go:156.27,158.4 1 1
github/teohen/mgm-tto/agent/agent.go:160.2,160.14 1 1
github/teohen/mgm-tto/agent/agent.go:163.40,165.2 1 0
github/teohen/mgm-tto/agent/agent.go:167.80,168.51 1 1
github/teohen/mgm-tto/agent/agent.go:168.51,170.3 1 1
github/teohen/mgm-tto/agent/agent.go:172.2,172.45 1 1
github/teohen/mgm-tto/agent/agent.go:175.69,176.37 1 1
github/teohen/mgm-tto/agent/agent.go:176.37,178.3 1 0
github/teohen/mgm-tto/agent/agent.go:180.2,181.43 2 1
github/teohen/mgm-tto/agent/agent.go:181.43,183.3 1 1
github/teohen/mgm-tto/agent/agent.go:185.2,186.43 2 1
github/teohen/mgm-tto/agent/agent.go:186.43,187.37 1 1
github/teohen/mgm-tto/agent/agent.go:187.37,190.4 2 1
github/teohen/mgm-tto/agent/goal_collect_tree.go:22.57,32.2 3 1
github/teohen/mgm-tto/agent/goal_collect_tree.go:34.54,36.2 1 1
github/teohen/mgm-tto/agent/goal_collect_tree.go:38.43,40.2 1 1
github/teohen/mgm-tto/agent/goal_collect_tree.go:42.52,44.2 1 1
github/teohen/mgm-tto/agent/goal_collect_tree.go:46.58,48.32 2 1
github/teohen/mgm-tto/agent/goal_collect_tree.go:48.32,50.3 1 1
github/teohen/mgm-tto/agent/goal_collect_tree.go:51.2,51.10 1 1
github/teohen/mgm-tto/agent/goal_collect_tree.go:53.41,55.2 1 0
github/teohen/mgm-tto/agent/goal_collect_tree.go:57.39,59.2 1 1
github/teohen/mgm-tto/agent/goal_collect_tree.go:61.43,63.2 1 1
github/teohen/mgm-tto/agent/goal_collect_tree.go:65.95,67.16 2 1
github/teohen/mgm-tto/agent/goal_collect_tree.go:67.16,69.3 1 0
github/teohen/mgm-tto/agent/goal_collect_tree.go:70.2,70.11 1 1
github/teohen/mgm-tto/agent/goal_store_inventory.go:24.49,33.2 3 1
github/teohen/mgm-tto/agent/goal_store_inventory.go:35.59,37.2 1 1
github/teohen/mgm-tto/agent/goal_store_inventory.go:39.55,41.2 1 0
github/teohen/mgm-tto/agent/goal_store_inventory.go:43.48,45.2 1 1
github/teohen/mgm-tto/agent/goal_store_inventory.go:47.57,49.2 1 1
github/teohen/mgm-tto/agent/goal_store_inventory.go:51.63,53.34 2 1
github/teohen/mgm-tto/agent/goal_store_inventory.go:53.34,55.3 1 1
github/teohen/mgm-tto/agent/goal_store_inventory.go:56.2,56.10 1 1
github/teohen/mgm-tto/agent/goal_store_inventory.go:58.46,60.2 1 0
github/teohen/mgm-tto/agent/goal_store_inventory.go:62.44,64.2 1 1
github/teohen/mgm-tto/agent/goal_store_inventory.go:66.48,68.2 1 1
github/teohen/mgm-tto/agent/goal_store_inventory.go:70.100,72.26 2 1
github/teohen/mgm-tto/agent/goal_store_inventory.go:72.26,74.3 1 0
github/teohen/mgm-tto/agent/goal_store_inventory.go:76.2,77.18 2 1
github/teohen/mgm-tto/agent/goal_store_inventory.go:77.18,79.3 1 0
github/teohen/mgm-tto/agent/goal_store_inventory.go:81.2,83.9 3 1
github/teohen/mgm-tto/agent/goal_store_inventory.go:83.9,85.3 1 0
github/teohen/mgm-tto/agent/goal_store_inventory.go:87.2,89.13 3 1
github/teohen/mgm-tto/agent/plan.go:10.22,15.2 2 1
github/teohen/mgm-tto/agent/plan.go:17.24,21.2 3 1
github/teohen/mgm-tto/agent/plan.go:22.33,24.2 1 0
github/teohen/mgm-tto/agent/plan.go:26.46,28.2 1 1
github/teohen/mgm-tto/agent/plan.go:30.29,32.2 1 1
github/teohen/mgm-tto/agent/plan.go:34.43,36.2 1 1
github/teohen/mgm-tto/agent/plan.go:38.29,40.2 1 1
github/teohen/mgm-tto/agent/plan.go:42.33,44.2 1 1
github/teohen/mgm-tto/agent/plan.go:46.32,48.2 1 0
github/teohen/mgm-tto/agent/plan.go:50.45,52.2 1 0
github/teohen/mgm-tto/cnts/constants.go:21.49,23.2 1 0
github/teohen/mgm-tto/cnts/constants.go:25.51,28.58 3 0
github/teohen/mgm-tto/cnts/constants.go:28.58,30.3 1 0
github/teohen/mgm-tto/cnts/constants.go:31.2,31.21 1 0
github/teohen/mgm-tto/main.go:22.13,33.21 8 0
github/teohen/mgm-tto/main.go:33.21,35.17 2 0
github/teohen/mgm-tto/main.go:35.17,38.4 2 0
github/teohen/mgm-tto/main.go:39.3,40.9 2 0
github/teohen/mgm-tto/main.go:43.2,43.20 1 0
github/teohen/mgm-tto/main.go:43.20,45.3 1 0
github/teohen/mgm-tto/main.go:47.2,47.16 1 0
github/teohen/mgm-tto/main.go:50.13,53.2 2 0
github/teohen/mgm-tto/main.go:55.13,58.14 2 0
github/teohen/mgm-tto/main.go:58.14,67.3 7 0
github/teohen/mgm-tto/building/building.go:18.40,24.2 3 0
github/teohen/mgm-tto/building/building.go:26.50,29.2 1 0
github/teohen/mgm-tto/building/building.go:31.64,32.28 1 0
github/teohen/mgm-tto/building/building.go:32.28,33.20 1 0
github/teohen/mgm-tto/building/building.go:33.20,35.4 1 0
github/teohen/mgm-tto/building/building.go:37.2,37.12 1 0
github/teohen/mgm-tto/building/building.go:40.48,42.2 1 0
github/teohen/mgm-tto/building/building.go:44.56,45.35 1 0
github/teohen/mgm-tto/building/building.go:45.35,46.26 1 0
github/teohen/mgm-tto/building/building.go:46.26,48.4 1 0
github/teohen/mgm-tto/building/building.go:50.2,50.12 1 0
github/teohen/mgm-tto/building/building.go:53.70,55.28 2 0
github/teohen/mgm-tto/building/building.go:55.28,56.22 1 0
github/teohen/mgm-tto/building/building.go:56.22,58.4 1 0
github/teohen/mgm-tto/building/building.go:60.2,60.18 1 0
github/teohen/mgm-tto/building/building.go:63.27,65.2 1 0
github/teohen/mgm-tto/building/storage.go:25.36,32.2 1 0
github/teohen/mgm-tto/building/storage.go:34.38,36.2 1 0
github/teohen/mgm-tto/building/storage.go:38.26,43.2 4 0
github/teohen/mgm-tto/building/storage.go:45.36,47.2 1 0
github/teohen/mgm-tto/building/storage.go:49.31,51.2 1 0
github/teohen/mgm-tto/building/storage.go:53.39,55.2 1 0
github/teohen/mgm-tto/entity/lumberjack.go:29.50,36.2 1 1
github/teohen/mgm-tto/entity/lumberjack.go:38.41,41.2 2 1
github/teohen/mgm-tto/entity/lumberjack.go:43.37,47.25 2 1
github/teohen/mgm-tto/entity/lumberjack.go:47.25,59.3 5 1
github/teohen/mgm-tto/entity/lumberjack.go:61.2,61.14 1 1
github/teohen/mgm-tto/entity/lumberjack.go:64.63,66.9 2 1
github/teohen/mgm-tto/entity/lumberjack.go:66.9,68.3 1 0
github/teohen/mgm-tto/entity/lumberjack.go:69.2,69.37 1 1
github/teohen/mgm-tto/entity/lumberjack.go:69.37,71.3 1 1
github/teohen/mgm-tto/entity/lumberjack.go:71.8,72.32 1 1
github/teohen/mgm-tto/entity/lumberjack.go:72.32,74.4 1 1
github/teohen/mgm-tto/entity/lumberjack.go:76.2,76.14 1 1
github/teohen/mgm-tto/entity/movement.go:34.54,44.2 1 0
github/teohen/mgm-tto/entity/movement.go:46.54,49.17 2 0
github/teohen/mgm-tto/entity/movement.go:49.17,51.3 1 0
github/teohen/mgm-tto/entity/movement.go:52.2,55.14 4 0
github/teohen/mgm-tto/entity/movement.go:58.29,59.17 1 0
github/teohen/mgm-tto/entity/movement.go:60.25,62.9 2 0
github/teohen/mgm-tto/entity/movement.go:64.27,65.28 1 0
github/teohen/mgm-tto/entity/movement.go:65.28,68.4 2 0
github/teohen/mgm-tto/entity/movement.go:69.3,70.26 2 0
github/teohen/mgm-tto/entity/movement.go:70.26,71.52 1 0
github/teohen/mgm-tto/entity/movement.go:71.52,75.5 3 0
github/teohen/mgm-tto/entity/movement.go:76.4,82.10 7 0
github/teohen/mgm-tto/entity/movement.go:84.3,84.37 1 0
github/teohen/mgm-tto/entity/movement.go:84.37,89.4 4 0
github/teohen/mgm-tto/entity/movement.go:90.3,96.9 7 0
github/teohen/mgm-tto/entity/movement.go:98.28,100.34 2 0
github/teohen/mgm-tto/entity/movement.go:100.34,101.33 1 0
github/teohen/mgm-tto/entity/movement.go:101.33,107.5 5 0
github/teohen/mgm-tto/entity/movement.go:108.4,111.22 4 0
github/teohen/mgm-tto/entity/movement.go:111.22,115.5 3 0
github/teohen/mgm-tto/entity/movement.go:116.4,117.33 2 0
github/teohen/mgm-tto/entity/movement.go:119.3,119.9 1 0
github/teohen/mgm-tto/entity/movement.go:120.28,125.9 5 0
github/teohen/mgm-tto/entity/movement.go:129.37,131.2 1 0
github/teohen/mgm-tto/entity/movement.go:133.60,134.34 1 0
github/teohen/mgm-tto/entity/movement.go:134.34,136.3 1 0
github/teohen/mgm-tto/entity/movement.go:136.8,138.38 2 0
github/teohen/mgm-tto/entity/movement.go:138.38,140.4 1 0
github/teohen/mgm-tto/entity/movement.go:142.2,142.14 1 0
github/teohen/mgm-tto/entity/storager.go:16.37,22.2 1 1
github/teohen/mgm-tto/entity/storager.go:24.62,26.9 2 1
github/teohen/mgm-tto/entity/storager.go:26.9,28.3 1 0
github/teohen/mgm-tto/entity/storager.go:30.2,35.13 5 1
github/teohen/mgm-tto/entity/storager.go:38.48,41.2 2 0
github/teohen/mgm-tto/entity/storager.go:43.44,45.2 1 0
github/teohen/mgm-tto/entity/tree.go:23.49,30.2 1 1
github/teohen/mgm-tto/entity/tree.go:32.88,33.2 0 0
github/teohen/mgm-tto/entity/tree.go:35.33,37.2 1 1
github/teohen/mgm-tto/entity/tree.go:39.23,44.14 5 0
github/teohen/mgm-tto/entity/tree.go:44.14,46.3 1 0
github/teohen/mgm-tto/entity/tree.go:47.2,47.20 1 0
github/teohen/mgm-tto/entity/tree.go:47.20,49.3 1 0
github/teohen/mgm-tto/entity/tree.go:52.28,54.2 1 0
github/teohen/mgm-tto/entity/tree.go:56.34,58.2 1 0
github/teohen/mgm-tto/entity/tree.go:60.29,62.2 1 0
github/teohen/mgm-tto/entity/villager.go:32.54,47.2 13 0
github/teohen/mgm-tto/entity/villager.go:49.96,50.34 1 0
github/teohen/mgm-tto/entity/villager.go:50.34,52.3 1 0
github/teohen/mgm-tto/entity/villager.go:55.2,55.33 1 0
github/teohen/mgm-tto/entity/villager.go:55.33,58.3 2 0
github/teohen/mgm-tto/entity/villager.go:60.2,60.17 1 0
github/teohen/mgm-tto/entity/villager.go:61.25,62.55 1 0
github/teohen/mgm-tto/entity/villager.go:62.55,64.4 1 0
github/teohen/mgm-tto/entity/villager.go:66.25,67.56 1 0
github/teohen/mgm-tto/entity/villager.go:67.56,69.4 1 0
github/teohen/mgm-tto/entity/villager.go:74.37,76.2 1 0
github/teohen/mgm-tto/entity/villager.go:78.32,80.2 1 0
github/teohen/mgm-tto/entity/villager.go:82.27,88.2 4 0
github/teohen/mgm-tto/entity/villager.go:90.38,92.2 1 0
github/teohen/mgm-tto/pathfinding/pathfinding.go:26.21,27.11 1 0
github/teohen/mgm-tto/pathfinding/pathfinding.go:27.11,29.3 1 0
github/teohen/mgm-tto/pathfinding/pathfinding.go:30.2,30.10 1 0
github/teohen/mgm-tto/pathfinding/pathfinding.go:33.37,35.2 1 0
github/teohen/mgm-tto/pathfinding/pathfinding.go:37.68,39.16 1 0
github/teohen/mgm-tto/pathfinding/pathfinding.go:39.16,41.3 1 0
github/teohen/mgm-tto/pathfinding/pathfinding.go:43.2,44.37 2 0
github/teohen/mgm-tto/pathfinding/pathfinding.go:44.37,45.38 1 0
github/teohen/mgm-tto/pathfinding/pathfinding.go:45.38,47.4 1 0
github/teohen/mgm-tto/pathfinding/pathfinding.go:50.2,60.24 4 0
github/teohen/mgm-tto/pathfinding/pathfinding.go:60.24,62.30 2 0
github/teohen/mgm-tto/pathfinding/pathfinding.go:62.30,63.75 1 0
github/teohen/mgm-tto/pathfinding/pathfinding.go:63.75,65.5 1 0
github/teohen/mgm-tto/pathfinding/pathfinding.go:68.3,69.20 2 0
github/teohen/mgm-tto/pathfinding/pathfinding.go:69.20,71.4 1 0
github/teohen/mgm-tto/pathfinding/pathfinding.go:73.3,78.26 5 0
github/teohen/mgm-tto/pathfinding/pathfinding.go:78.26,80.70 2 0
github/teohen/mgm-tto/pathfinding/pathfinding.go:80.70,81.13 1 0
github/teohen/mgm-tto/pathfinding/pathfinding.go:84.4,84.28 1 0
github/teohen/mgm-tto/pathfinding/pathfinding.go:84.28,85.13 1 0
github/teohen/mgm-tto/pathfinding/pathfinding.go:88.4,89.17 2 0
github/teohen/mgm-tto/pathfinding/pathfinding.go:89.17,90.60 1 0
github/teohen/mgm-tto/pathfinding/pathfinding.go:90.60,91.14 1 0
github/teohen/mgm-tto/pathfinding/pathfinding.go:95.4,97.18 3 0
github/teohen/mgm-tto/pathfinding/pathfinding.go:97.18,104.5 6 0
github/teohen/mgm-tto/pathfinding/pathfinding.go:104.10,104.23 1 0
github/teohen/mgm-tto/pathfinding/pathfinding.go:104.23,108.5 3 0
github/teohen/mgm-tto/pathfinding/pathfinding.go:112.2,112.12 1 0
github/teohen/mgm-tto/pathfinding/pathfinding.go:115.101,118.22 3 0
github/teohen/mgm-tto/pathfinding/pathfinding.go:118.22,121.3 2 0
github/teohen/mgm-tto/pathfinding/pathfinding.go:122.2,122.13 1 0
github/teohen/mgm-tto/pathfinding/pathfinding.go:125.89,128.28 3 0
github/teohen/mgm-tto/pathfinding/pathfinding.go:128.28,130.43 2 0
github/teohen/mgm-tto/pathfinding/pathfinding.go:130.43,133.4 2 0
github/teohen/mgm-tto/pathfinding/pathfinding.go:135.2,135.16 1 0
github/teohen/mgm-tto/goap/planner.go:22.67,32.21 6 0
github/teohen/mgm-tto/goap/planner.go:32.21,39.32 2 0
github/teohen/mgm-tto/goap/planner.go:39.32,41.4 1 0
github/teohen/mgm-tto/goap/planner.go:44.3,45.10 2 0
github/teohen/mgm-tto/goap/planner.go:46.19,47.19 1 0
github/teohen/mgm-tto/goap/planner.go:48.13,49.40 1 0
github/teohen/mgm-tto/goap/planner.go:52.3,52.34 1 0
github/teohen/mgm-tto/goap/planner.go:52.34,55.11 3 0
github/teohen/mgm-tto/goap/planner.go:56.20,57.20 1 0
github/teohen/mgm-tto/goap/planner.go:58.16,59.13 1 0
github/teohen/mgm-tto/goap/planner.go:63.4,64.50 2 0
github/teohen/mgm-tto/goap/planner.go:64.50,66.5 1 0
github/teohen/mgm-tto/goap/planner.go:69.4,71.11 3 0
github/teohen/mgm-tto/goap/planner.go:72.16,80.24 8 0
github/teohen/mgm-tto/goap/planner.go:83.60,88.16 5 0
github/teohen/mgm-tto/goap/planner.go:89.12,90.23 1 0
github/teohen/mgm-tto/goap/planner.go:95.2,95.68 1 0
github/teohen/mgm-tto/goap/planner.go:99.48,101.44 2 0
github/teohen/mgm-tto/goap/planner.go:101.44,102.22 1 0
github/teohen/mgm-tto/goap/planner.go:102.22,104.4 1 0
github/teohen/mgm-tto/goap/planner.go:108.2,108.53 1 0
github/teohen/mgm-tto/goap/planner.go:108.53,110.3 1 0
github/teohen/mgm-tto/goap/planner.go:111.2,111.13 1 0
github/teohen/mgm-tto/goap/planner.go:117.18,122.3 1 0
github/teohen/mgm-tto/goap/planner.go:126.27,131.2 4 0
github/teohen/mgm-tto/goap/planner.go:134.27,135.28 1 0
github/teohen/mgm-tto/goap/planner.go:135.28,137.3 1 0
github/teohen/mgm-tto/goap/planner.go:138.2,138.15 1 0
github/teohen/mgm-tto/goap/planner.go:149.27,149.49 1 0
github/teohen/mgm-tto/goap/planner.go:152.37,152.89 1 0
github/teohen/mgm-tto/goap/planner.go:155.32,155.79 1 0
github/teohen/mgm-tto/goap/planner.go:159.32,164.2 4 0
github/teohen/mgm-tto/goap/planner.go:166.50,169.2 2 0
github/teohen/mgm-tto/goap/planner.go:174.38,176.11 2 0
github/teohen/mgm-tto/goap/planner.go:176.11,178.3 1 0
github/teohen/mgm-tto/goap/planner.go:180.2,182.22 3 0
github/teohen/mgm-tto/goap/planner.go:189.31,190.31 1 0
github/teohen/mgm-tto/goap/planner.go:190.31,192.3 1 0
github/teohen/mgm-tto/goap/planner.go:195.30,204.2 7 0
github/teohen/mgm-tto/goap/planner.go:206.27,207.6 1 0
github/teohen/mgm-tto/goap/planner.go:207.6,209.30 2 0
github/teohen/mgm-tto/goap/planner.go:209.30,210.9 1 0
github/teohen/mgm-tto/goap/planner.go:212.3,213.8 2 0
github/teohen/mgm-tto/goap/planner.go:217.38,219.6 2 0
github/teohen/mgm-tto/goap/planner.go:219.6,221.24 2 0
github/teohen/mgm-tto/goap/planner.go:221.24,222.9 1 0
github/teohen/mgm-tto/goap/planner.go:224.3,225.45 2 0
github/teohen/mgm-tto/goap/planner.go:225.45,227.4 1 0
github/teohen/mgm-tto/goap/planner.go:228.3,228.20 1 0
github/teohen/mgm-tto/goap/planner.go:228.20,229.9 1 0
github/teohen/mgm-tto/goap/planner.go:231.3,232.8 2 0
github/teohen/mgm-tto/goap/planner.go:234.2,234.15 1 0
github/teohen/mgm-tto/goap/rule.go:20.28,24.2 3 0
github/teohen/mgm-tto/goap/rule.go:27.31,28.36 1 0
github/teohen/mgm-tto/goap/rule.go:28.36,30.3 1 0
github/teohen/mgm-tto/goap/rule.go:31.2,31.18 1 0
github/teohen/mgm-tto/goap/rule.go:35.46,37.17 2 0
github/teohen/mgm-tto/goap/rule.go:37.17,39.3 1 0
github/teohen/mgm-tto/goap/rule.go:41.2,49.17 6 0
github/teohen/mgm-tto/goap/rule.go:49.17,50.18 1 0
github/teohen/mgm-tto/goap/rule.go:50.18,52.4 1 0
github/teohen/mgm-tto/goap/rule.go:54.3,59.16 6 0
github/teohen/mgm-tto/goap/rule.go:63.1,64.24 1 0
github/teohen/mgm-tto/goap/rule.go:64.24,66.93 2 0
github/teohen/mgm-tto/goap/rule.go:66.93,67.12 1 0
github/teohen/mgm-tto/goap/rule.go:69.3,70.21 2 0
github/teohen/mgm-tto/goap/rule.go:73.2,77.14 2 0
github/teohen/mgm-tto/goap/rule.go:78.11,79.15 1 0
github/teohen/mgm-tto/goap/rule.go:80.11,81.19 1 0
github/teohen/mgm-tto/goap/rule.go:82.11,83.19 1 0
github/teohen/mgm-tto/goap/rule.go:84.11,85.14 1 0
github/teohen/mgm-tto/goap/rule.go:86.11,87.17 1 0
github/teohen/mgm-tto/goap/rule.go:88.10,89.79 1 0
github/teohen/mgm-tto/goap/rule.go:92.2,97.56 4 0
github/teohen/mgm-tto/goap/rule.go:97.56,99.3 1 0
github/teohen/mgm-tto/goap/rule.go:101.2,101.64 1 0
github/teohen/mgm-tto/goap/rule.go:122.35,123.11 1 0
github/teohen/mgm-tto/goap/rule.go:124.19,125.13 1 0
github/teohen/mgm-tto/goap/rule.go:126.19,127.13 1 0
github/teohen/mgm-tto/goap/rule.go:128.14,129.13 1 0
github/teohen/mgm-tto/goap/rule.go:130.17,131.13 1 0
github/teohen/mgm-tto/goap/rule.go:132.15,133.14 1 0
github/teohen/mgm-tto/goap/rule.go:134.10,135.13 1 0
github/teohen/mgm-tto/goap/rule.go:148.46,149.15 1 0
github/teohen/mgm-tto/goap/rule.go:149.15,151.3 1 0
github/teohen/mgm-tto/goap/rule.go:152.2,152.17 1 0
github/teohen/mgm-tto/goap/rule.go:152.17,154.3 1 0
github/teohen/mgm-tto/goap/rule.go:155.2,155.45 1 0
github/teohen/mgm-tto/goap/rule.go:159.35,161.2 1 0
github/teohen/mgm-tto/goap/rule.go:164.31,166.2 1 0
github/teohen/mgm-tto/goap/rule.go:169.31,171.2 1 0
github/teohen/mgm-tto/goap/rule.go:177.34,179.2 1 0
github/teohen/mgm-tto/goap/rule.go:181.27,183.2 1 0
github/teohen/mgm-tto/goap/rule.go:185.27,187.2 1 0
github/teohen/mgm-tto/goap/rule.go:189.29,191.2 1 0
github/teohen/mgm-tto/goap/state.go:16.18,21.3 1 0
github/teohen/mgm-tto/goap/state.go:24.36,26.30 2 0
github/teohen/mgm-tto/goap/state.go:26.30,28.3 1 0
github/teohen/mgm-tto/goap/state.go:29.2,29.14 1 0
github/teohen/mgm-tto/goap/state.go:53.38,55.29 2 0
github/teohen/mgm-tto/goap/state.go:55.29,56.41 1 0
github/teohen/mgm-tto/goap/state.go:56.41,57.14 1 0
github/teohen/mgm-tto/goap/state.go:60.2,60.14 1 0
github/teohen/mgm-tto/goap/state.go:63.27,69.2 5 0
github/teohen/mgm-tto/goap/state.go:71.24,73.2 1 0
github/teohen/mgm-tto/goap/state.go:75.50,76.33 1 0
github/teohen/mgm-tto/goap/state.go:76.33,77.28 1 0
github/teohen/mgm-tto/goap/state.go:77.28,79.4 1 0
github/teohen/mgm-tto/goap/state.go:81.2,81.17 1 0
github/teohen/mgm-tto/goap/state.go:84.44,85.31 1 0
github/teohen/mgm-tto/goap/state.go:85.31,87.3 1 0
github/teohen/mgm-tto/goap/state.go:89.2,89.47 1 0
github/teohen/mgm-tto/goap/state.go:89.47,89.79 1 0
github/teohen/mgm-tto/goap/state.go:90.2,90.44 1 0
github/teohen/mgm-tto/goap/state.go:90.44,92.3 1 0
github/teohen/mgm-tto/goap/state.go:93.2,93.17 1 0
github/teohen/mgm-tto/goap/state.go:99.39,103.28 2 0
github/teohen/mgm-tto/goap/state.go:103.28,108.3 4 0
github/teohen/mgm-tto/goap/state.go:111.2,113.10 3 0
github/teohen/mgm-tto/goap/state.go:117.40,119.16 2 0
github/teohen/mgm-tto/goap/state.go:119.16,121.3 1 0
github/teohen/mgm-tto/goap/state.go:123.2,124.12 2 0
github/teohen/mgm-tto/goap/state.go:128.40,130.16 2 0
github/teohen/mgm-tto/goap/state.go:130.16,132.3 1 0
github/teohen/mgm-tto/goap/state.go:134.2,135.9 2 0
github/teohen/mgm-tto/goap/state.go:135.9,137.3 1 0
github/teohen/mgm-tto/goap/state.go:141.2,145.12 5 0
github/teohen/mgm-tto/goap/state.go:148.34,149.28 1 0
github/teohen/mgm-tto/goap/state.go:149.28,151.3 1 0
github/teohen/mgm-tto/goap/state.go:152.2,152.27 1 0
github/teohen/mgm-tto/goap/state.go:156.55,158.45 2 0
github/teohen/mgm-tto/goap/state.go:158.45,162.10 3 0
github/teohen/mgm-tto/goap/state.go:163.17,167.32 3 0
github/teohen/mgm-tto/goap/state.go:167.32,170.5 1 0
github/teohen/mgm-tto/goap/state.go:172.4,173.25 2 0
github/teohen/mgm-tto/goap/state.go:174.17,175.37 1 0
github/teohen/mgm-tto/goap/state.go:176.16,177.36 1 0
github/teohen/mgm-tto/goap/state.go:178.19,179.36 1 0
github/teohen/mgm-tto/goap/state.go:180.12,182.55 1 0
github/teohen/mgm-tto/goap/state.go:185.4,185.14 1 0
github/teohen/mgm-tto/goap/state.go:185.14,187.5 1 0
github/teohen/mgm-tto/goap/state.go:189.4,190.7 2 0
github/teohen/mgm-tto/goap/state.go:191.16,192.7 1 0
github/teohen/mgm-tto/goap/state.go:193.11,194.21 1 0
github/teohen/mgm-tto/goap/state.go:199.2,199.32 1 0
github/teohen/mgm-tto/goap/state.go:203.45,204.34 1 0
github/teohen/mgm-tto/goap/state.go:204.34,209.30 3 0
github/teohen/mgm-tto/goap/state.go:209.30,211.4 1 0
github/teohen/mgm-tto/goap/state.go:214.3,214.23 1 0
github/teohen/mgm-tto/goap/state.go:215.16,216.17 1 0
github/teohen/mgm-tto/goap/state.go:217.20,218.57 1 0
github/teohen/mgm-tto/goap/state.go:219.20,220.57 1 0
github/teohen/mgm-tto/goap/state.go:221.11,222.128 1 0
github/teohen/mgm-tto/goap/state.go:226.2,226.12 1 0
github/teohen/mgm-tto/goap/state.go:230.58,232.28 2 0
github/teohen/mgm-tto/goap/state.go:232.28,237.32 3 0
github/teohen/mgm-tto/goap/state.go:237.32,238.38 1 0
github/teohen/mgm-tto/goap/state.go:238.38,240.10 2 0
github/teohen/mgm-tto/goap/state.go:242.4,242.37 1 0
github/teohen/mgm-tto/goap/state.go:242.37,243.10 1 0
github/teohen/mgm-tto/goap/state.go:248.3,248.30 1 0
github/teohen/mgm-tto/goap/state.go:249.16,250.11 1 0
github/teohen/mgm-tto/goap/state.go:251.15,252.20 1 0
github/teohen/mgm-tto/goap/state.go:253.15,254.20 1 0
github/teohen/mgm-tto/goap/state.go:255.12,255.12 0 0
github/teohen/mgm-tto/goap/state.go:258.15,259.13 1 0
github/teohen/mgm-tto/goap/state.go:259.13,261.5 1 0
github/teohen/mgm-tto/goap/state.go:263.18,264.13 1 0
github/teohen/mgm-tto/goap/state.go:264.13,266.5 1 0
github/teohen/mgm-tto/goap/state.go:270.2,270.13 1 0
github/teohen/mgm-tto/goap/state.go:274.43,276.2 1 0
github/teohen/mgm-tto/goap/state.go:279.35,281.2 1 0
github/teohen/mgm-tto/goap/state.go:284.32,290.2 5 0
github/teohen/mgm-tto/goap/state.go:293.33,295.28 2 0
github/teohen/mgm-tto/goap/state.go:295.28,297.3 1 0
github/teohen/mgm-tto/goap/state.go:299.2,299.47 1 0
github/teohen/mgm-tto/goap/state.go:303.27,305.2 1 0
github/teohen/mgm-tto/goap/state.go:308.37,310.2 1 0
github/teohen/mgm-tto/goap/state.go:313.32,315.2 1 0
github/teohen/mgm-tto/ui/console.go:19.47,20.34 1 0
github/teohen/mgm-tto/ui/console.go:20.34,22.3 1 0
github/teohen/mgm-tto/ui/console.go:24.2,24.22 1 0
github/teohen/mgm-tto/ui/console.go:24.22,26.16 2 0
github/teohen/mgm-tto/ui/console.go:26.16,28.4 1 0
github/teohen/mgm-tto/ui/console.go:29.3,29.9 1 0
github/teohen/mgm-tto/ui/console.go:33.28,35.13 2 0
github/teohen/mgm-tto/ui/console.go:35.13,37.3 1 0
github/teohen/mgm-tto/ui/console.go:40.33,42.2 1 0
github/teohen/mgm-tto/ui/console.go:44.34,46.2 1 0
github/teohen/mgm-tto/ui/console.go:48.38,49.67 1 0
github/teohen/mgm-tto/ui/console.go:49.67,50.29 1 0
github/teohen/mgm-tto/ui/console.go:50.29,51.12 1 0
github/teohen/mgm-tto/ui/console.go:53.3,53.32 1 0
github/teohen/mgm-tto/ui/console.go:56.2,56.58 1 0
github/teohen/mgm-tto/ui/console.go:56.58,58.3 1 0
github/teohen/mgm-tto/ui/console.go:60.2,60.34 1 0
github/teohen/mgm-tto/ui/console.go:60.34,64.3 3 0
github/teohen/mgm-tto/ui/console.go:66.2,66.11 1 0
github/teohen/mgm-tto/ui/console.go:69.61,71.21 2 0
github/teohen/mgm-tto/ui/console.go:71.21,73.3 1 0
github/teohen/mgm-tto/ui/console.go:75.2,75.18 1 0
github/teohen/mgm-tto/ui/console.go:76.14,77.99 1 0
github/teohen/mgm-tto/ui/console.go:79.23,80.21 1 0
github/teohen/mgm-tto/ui/console.go:80.21,83.4 2 0
github/teohen/mgm-tto/ui/console.go:84.3,86.33 3 0
github/teohen/mgm-tto/ui/console.go:86.33,89.4 2 0
github/teohen/mgm-tto/ui/console.go:90.3,91.65 2 0
github/teohen/mgm-tto/ui/console.go:93.17,94.21 1 0
github/teohen/mgm-tto/ui/console.go:94.21,97.4 2 0
github/teohen/mgm-tto/ui/console.go:98.3,100.33 3 0
github/teohen/mgm-tto/ui/console.go:100.33,103.4 2 0
github/teohen/mgm-tto/ui/console.go:104.3,105.46 2 0
github/teohen/mgm-tto/ui/console.go:107.20,108.21 1 0
github/teohen/mgm-tto/ui/console.go:108.21,111.4 2 0
github/teohen/mgm-tto/ui/console.go:112.3,114.33 3 0
github/teohen/mgm-tto/ui/console.go:114.33,117.4 2 0
github/teohen/mgm-tto/ui/console.go:118.3,118.27 1 0
github/teohen/mgm-tto/ui/console.go:118.27,120.4 1 0
github/teohen/mgm-tto/ui/console.go:120.9,122.4 1 0
github/teohen/mgm-tto/ui/console.go:124.20,126.35 1 0
github/teohen/mgm-tto/ui/console.go:128.19,130.34 1 0
github/teohen/mgm-tto/ui/console.go:132.10,133.48 1 0
github/teohen/mgm-tto/ui/console.go:137.33,143.2 5 0
github/teohen/mgm-tto/ui/keyboard.go:10.29,11.32 1 0
github/teohen/mgm-tto/ui/keyboard.go:11.32,12.53 1 0
github/teohen/mgm-tto/ui/keyboard.go:12.53,15.4 2 0
github/teohen/mgm-tto/ui/keyboard.go:15.9,18.4 2 0
github/teohen/mgm-tto/ui/mouse.go:10.34,13.2 2 0
github/teohen/mgm-tto/ui/mouse.go:15.35,17.34 2 0
github/teohen/mgm-tto/ui/mouse.go:17.34,19.3 1 0
github/teohen/mgm-tto/ui/mouse.go:20.2,20.34 1 0
github/teohen/mgm-tto/ui/mouse.go:20.34,22.3 1 0
github/teohen/mgm-tto/ui/mouse.go:23.2,23.25 1 0
github/teohen/mgm-tto/ui/mouse.go:26.34,34.36 6 0
github/teohen/mgm-tto/ui/mouse.go:34.36,37.73 3 0
github/teohen/mgm-tto/ui/mouse.go:37.73,39.4 1 0
github/teohen/mgm-tto/ui/mouse.go:40.3,40.9 1 0
github/teohen/mgm-tto/ui/mouse.go:43.2,43.58 1 0
github/teohen/mgm-tto/ui/mouse.go:43.58,44.59 1 0
github/teohen/mgm-tto/ui/mouse.go:44.59,50.48 4 0
github/teohen/mgm-tto/ui/mouse.go:50.48,52.5 1 0
github/teohen/mgm-tto/ui/mouse.go:57.26,62.47 4 0
github/teohen/mgm-tto/ui/mouse.go:62.47,65.3 2 0
github/teohen/mgm-tto/ui/mouse.go:67.2,68.16 2 0
github/teohen/mgm-tto/ui/mouse.go:68.16,70.3 1 0
github/teohen/mgm-tto/ui/mouse.go:72.2,72.49 1 0
github/teohen/mgm-tto/ui/mouse.go:72.49,76.3 3 0
github/teohen/mgm-tto/ui/mouse.go:78.2,78.63 1 0
github/teohen/mgm-tto/ui/mouse.go:78.63,80.3 1 0
github/teohen/mgm-tto/ui/mouse.go:82.2,82.67 1 0
github/teohen/mgm-tto/ui/mouse.go:82.67,87.3 4 0
github/teohen/mgm-tto/ui/mouse.go:90.73,92.2 1 0
github/teohen/mgm-tto/ui/ui.go:20.35,28.2 2 0
github/teohen/mgm-tto/ui/ui.go:30.42,35.2 1 0
github/teohen/mgm-tto/ui/ui.go:37.23,39.25 2 0
github/teohen/mgm-tto/ui/ui.go:39.25,41.3 1 0
github/teohen/mgm-tto/ui/ui.go:43.2,44.20 2 0
github/teohen/mgm-tto/ui/ui.go:47.22,51.45 4 0
github/teohen/mgm-tto/ui/ui.go:51.45,53.3 1 0
github/teohen/mgm-tto/ui/ui.go:55.2,55.46 1 0
github/teohen/mgm-tto/ui/ui.go:55.46,57.3 1 0
github/teohen/mgm-tto/ui/ui.go:59.2,62.25 4 0
github/teohen/mgm-tto/ui/ui.go:62.25,64.3 1 0
github/teohen/mgm-tto/ui/ui.go:67.37,68.19 1 0
github/teohen/mgm-tto/ui/ui.go:68.19,74.3 5 0
github/teohen/mgm-tto/ui/ui.go:77.32,78.42 1 0
github/teohen/mgm-tto/ui/ui.go:78.42,86.3 3 0
github/teohen/mgm-tto/job/job.go:26.47,35.2 2 0
github/teohen/mgm-tto/job/job.go:37.29,39.2 1 0
github/teohen/mgm-tto/job/job.go:41.30,43.2 1 0
github/teohen/mgm-tto/job/job.go:45.34,47.2 1 0
github/teohen/mgm-tto/job/job.go:49.27,51.2 1 0
github/teohen/mgm-tto/job/job_queue.go:7.34,9.2 1 0
github/teohen/mgm-tto/job/job_queue.go:11.31,12.22 1 0
github/teohen/mgm-tto/job/job_queue.go:12.22,14.3 1 0
github/teohen/mgm-tto/job/job_queue.go:15.2,17.13 3 0
github/teohen/mgm-tto/job/job_queue.go:20.32,21.21 1 0
github/teohen/mgm-tto/job/job_queue.go:21.21,24.3 2 0
github/teohen/mgm-tto/job/job_queue.go:25.2,25.12 1 0
github/teohen/mgm-tto/job/job_queue.go:28.53,29.29 1 0
github/teohen/mgm-tto/job/job_queue.go:29.29,30.57 1 0
github/teohen/mgm-tto/job/job_queue.go:30.57,32.4 1 0
github/teohen/mgm-tto/job/job_queue.go:36.30,38.2 1 0
github/teohen/mgm-tto/events/event.go:16.26,18.2 1 0
github/teohen/mgm-tto/game/clock.go:13.23,17.2 1 0
github/teohen/mgm-tto/game/clock.go:19.43,22.34 3 0
github/teohen/mgm-tto/game/clock.go:22.34,26.3 3 0
github/teohen/mgm-tto/game/clock.go:27.2,27.14 1 0
github/teohen/mgm-tto/game/clock.go:30.33,32.2 1 0
github/teohen/mgm-tto/game/game.go:23.17,34.11 6 0
github/teohen/mgm-tto/game/game.go:34.11,38.36 3 0
github/teohen/mgm-tto/game/game.go:38.36,41.4 2 0
github/teohen/mgm-tto/game/game.go:44.2,46.11 2 0
github/teohen/mgm-tto/game/game.go:46.11,50.36 3 0
github/teohen/mgm-tto/game/game.go:50.36,53.4 2 0
github/teohen/mgm-tto/game/game.go:56.2,58.10 3 0
github/teohen/mgm-tto/game/game.go:61.25,65.29 3 0
github/teohen/mgm-tto/game/game.go:65.29,68.3 2 0
github/teohen/mgm-tto/game/game.go:71.23,73.2 1 0
github/teohen/mgm-tto/spritebank/spritebank.go:14.16,18.2 3 0
github/teohen/mgm-tto/spritebank/spritebank.go:20.18,24.2 3 0
github/teohen/mgm-tto/spritebank/spritebank.go:26.44,27.49 1 0
github/teohen/mgm-tto/spritebank/spritebank.go:27.49,28.64 1 0
github/teohen/mgm-tto/spritebank/spritebank.go:30.2,30.29 1 0
github/teohen/mgm-tto/save/save.go:58.44,60.47 2 0
github/teohen/mgm-tto/save/save.go:60.47,62.3 1 0
github/teohen/mgm-tto/save/save.go:64.2,65.16 2 0
github/teohen/mgm-tto/save/save.go:65.16,67.3 1 0
github/teohen/mgm-tto/save/save.go:69.2,69.55 1 0
github/teohen/mgm-tto/save/save.go:69.55,71.3 1 0
github/teohen/mgm-tto/save/save.go:73.2,73.12 1 0
github/teohen/mgm-tto/save/save.go:76.46,78.16 2 0
github/teohen/mgm-tto/save/save.go:78.16,80.3 1 0
github/teohen/mgm-tto/save/save.go:82.2,83.49 2 0
github/teohen/mgm-tto/save/save.go:83.49,85.3 1 0
github/teohen/mgm-tto/save/save.go:87.2,89.15 2 0
github/teohen/mgm-tto/save/save.go:92.27,94.2 1 0
github/teohen/mgm-tto/item/wood.go:10.22,15.2 1 0
github/teohen/mgm-tto/world/cell.go:22.36,24.2 1 0
github/teohen/mgm-tto/world/cell.go:42.41,53.2 2 0
github/teohen/mgm-tto/world/cell.go:55.54,64.2 3 0
github/teohen/mgm-tto/world/cell.go:66.32,68.2 1 0
github/teohen/mgm-tto/world/cell.go:70.23,76.20 5 0
github/teohen/mgm-tto/world/cell.go:76.20,78.3 1 0
github/teohen/mgm-tto/world/cell.go:81.35,82.16 1 0
github/teohen/mgm-tto/world/cell.go:83.13,84.41 1 0
github/teohen/mgm-tto/world/cell.go:85.12,86.41 1 0
github/teohen/mgm-tto/world/cell.go:87.13,88.41 1 0
github/teohen/mgm-tto/world/cell.go:89.10,90.41 1 0
github/teohen/mgm-tto/world/noise.go:9.34,12.19 3 0
github/teohen/mgm-tto/world/noise.go:12.19,14.3 1 0
github/teohen/mgm-tto/world/noise.go:15.2,16.27 2 0
github/teohen/mgm-tto/world/noise.go:16.27,19.12 3 0
github/teohen/mgm-tto/world/noise.go:19.12,21.4 1 0
github/teohen/mgm-tto/world/noise.go:22.3,22.26 1 0
github/teohen/mgm-tto/world/noise.go:24.2,24.24 1 0
github/teohen/mgm-tto/world/noise.go:24.24,26.3 1 0
github/teohen/mgm-tto/world/noise.go:27.2,27.10 1 0
github/teohen/mgm-tto/world/noise.go:30.30,32.2 1 0
github/teohen/mgm-tto/world/noise.go:34.36,36.2 1 0
github/teohen/mgm-tto/world/noise.go:38.43,39.18 1 0
github/teohen/mgm-tto/world/noise.go:40.9,41.15 1 0
github/teohen/mgm-tto/world/noise.go:42.9,43.16 1 0
github/teohen/mgm-tto/world/noise.go:44.9,45.15 1 0
github/teohen/mgm-tto/world/noise.go:46.10,47.16 1 0
github/teohen/mgm-tto/world/noise.go:51.47,72.2 15 0
github/teohen/mgm-tto/world/world.go:8.37,14.25 2 0
github/teohen/mgm-tto/world/world.go:14.25,17.3 2 0
github/teohen/mgm-tto/world/world.go:19.2,19.10 1 0
github/teohen/mgm-tto/world/world.go:22.24,23.30 1 0
github/teohen/mgm-tto/world/world.go:23.30,24.28 1 0
github/teohen/mgm-tto/world/world.go:24.28,26.4 1 0
github/teohen/mgm-tto/world/world.go:30.45,31.73 1 0
github/teohen/mgm-tto/world/world.go:31.73,33.3 1 0
github/teohen/mgm-tto/world/world.go:34.2,34.27 1 0
github/teohen/mgm-tto/world/world.go:37.28,39.2 1 0
github/teohen/mgm-tto/world/world.go:41.28,42.23 1 0
github/teohen/mgm-tto/world/world.go:42.23,44.3 1 0
github/teohen/mgm-tto/world/world.go:45.2,45.24 1 0
github/teohen/mgm-tto/world/world.go:48.43,49.62 1 0
github/teohen/mgm-tto/world/world.go:49.62,51.3 1 0
github/teohen/mgm-tto/world/world.go:52.2,52.26 1 0
github/teohen/mgm-tto/world/world.go:52.26,54.3 1 0
github/teohen/mgm-tto/world/world.go:55.2,56.13 2 0
github/teohen/mgm-tto/world/world.go:59.38,60.62 1 0
github/teohen/mgm-tto/world/world.go:60.62,62.3 1 0
github/teohen/mgm-tto/world/world.go:63.2,63.30 1 0
github/teohen/mgm-tto/world/world.go:66.47,67.62 1 0
github/teohen/mgm-tto/world/world.go:67.62,69.3 1 0
github/teohen/mgm-tto/world/world.go:70.2,70.29 1 0
github/teohen/mgm-tto/world/world.go:73.47,75.17 2 0
github/teohen/mgm-tto/world/world.go:75.17,77.3 1 0
github/teohen/mgm-tto/world/world.go:78.2,78.24 1 0
github/teohen/mgm-tto/world/world.go:87.38,89.25 2 0
github/teohen/mgm-tto/world/world.go:89.25,90.29 1 0
github/teohen/mgm-tto/world/world.go:90.29,92.11 2 0
github/teohen/mgm-tto/world/world.go:93.28,94.41 1 0
github/teohen/mgm-tto/world/world.go:95.27,96.40 1 0
github/teohen/mgm-tto/world/world.go:97.12,98.41 1 0
github/teohen/mgm-tto/simulation/simulation.go:42.24,50.32 7 0
github/teohen/mgm-tto/simulation/simulation.go:50.32,51.33 1 0
github/teohen/mgm-tto/simulation/simulation.go:51.33,53.32 2 0
github/teohen/mgm-tto/simulation/simulation.go:53.32,54.13 1 0
github/teohen/mgm-tto/simulation/simulation.go:56.4,56.101 1 0
github/teohen/mgm-tto/simulation/simulation.go:56.101,57.13 1 0
github/teohen/mgm-tto/simulation/simulation.go:59.4,62.28 4 0
github/teohen/mgm-tto/simulation/simulation.go:66.2,71.3 1 0
github/teohen/mgm-tto/simulation/simulation.go:74.29,76.32 2 0
github/teohen/mgm-tto/simulation/simulation.go:76.32,78.3 1 0
github/teohen/mgm-tto/simulation/simulation.go:80.2,81.15 2 0
github/teohen/mgm-tto/simulation/simulation.go:84.68,85.32 1 0
github/teohen/mgm-tto/simulation/simulation.go:85.32,86.25 1 0
github/teohen/mgm-tto/simulation/simulation.go:86.25,88.4 1 0
github/teohen/mgm-tto/simulation/simulation.go:90.2,90.28 1 0
github/teohen/mgm-tto/simulation/simulation.go:90.28,91.25 1 0
github/teohen/mgm-tto/simulation/simulation.go:91.25,93.4 1 0
github/teohen/mgm-tto/simulation/simulation.go:95.2,95.33 1 0
github/teohen/mgm-tto/simulation/simulation.go:98.54,101.2 2 0
github/teohen/mgm-tto/simulation/simulation.go:103.49,106.2 2 0
github/teohen/mgm-tto/simulation/simulation.go:108.48,114.28 2 0
github/teohen/mgm-tto/simulation/simulation.go:114.28,115.19 1 0
github/teohen/mgm-tto/simulation/simulation.go:115.19,119.4 3 0
github/teohen/mgm-tto/simulation/simulation.go:121.2,121.14 1 0
github/teohen/mgm-tto/simulation/simulation.go:124.60,127.2 2 0
github/teohen/mgm-tto/simulation/simulation.go:129.41,131.2 1 0
github/teohen/mgm-tto/simulation/simulation.go:133.58,134.29 1 0
github/teohen/mgm-tto/simulation/simulation.go:134.29,137.18 3 0
github/teohen/mgm-tto/simulation/simulation.go:137.18,138.12 1 0
github/teohen/mgm-tto/simulation/simulation.go:140.3,141.52 2 0
github/teohen/mgm-tto/simulation/simulation.go:145.52,149.28 2 0
github/teohen/mgm-tto/simulation/simulation.go:149.28,150.19 1 0
github/teohen/mgm-tto/simulation/simulation.go:150.19,152.4 1 0
github/teohen/mgm-tto/simulation/simulation.go:154.2,154.12 1 0
github/teohen/mgm-tto/simulation/simulation.go:157.43,159.2 1 0
github/teohen/mgm-tto/simulation/simulation.go:161.49,164.32 3 0
github/teohen/mgm-tto/simulation/simulation.go:164.32,166.3 1 0
github/teohen/mgm-tto/simulation/simulation.go:167.2,167.28 1 0
github/teohen/mgm-tto/simulation/simulation.go:167.28,169.3 1 0
github/teohen/mgm-tto/simulation/simulation.go:170.2,170.12 1 0
github/teohen/mgm-tto/simulation/simulation.go:173.54,175.2 1 0
github/teohen/mgm-tto/simulation/simulation.go:177.44,178.22 1 0
github/teohen/mgm-tto/simulation/simulation.go:179.15,181.31 2 0
github/teohen/mgm-tto/simulation/simulation.go:181.31,183.4 1 0
github/teohen/mgm-tto/simulation/simulation.go:184.3,184.31 1 0
github/teohen/mgm-tto/simulation/simulation.go:188.38,189.6 1 0
github/teohen/mgm-tto/simulation/simulation.go:189.6,190.10 1 0
github/teohen/mgm-tto/simulation/simulation.go:191.35,192.20 1 0
github/teohen/mgm-tto/simulation/simulation.go:193.29,195.39 2 0
github/teohen/mgm-tto/simulation/simulation.go:196.12,198.11 1 0
github/teohen/mgm-tto/simulation/simulation.go:200.11,202.10 1 0
